// Vitest Snapshot v1, https://vitest.dev/guide/snapshot.html

exports[`UserTable > should match snapshot 1`] = `
{
  "asFragment": [Function],
  "baseElement": <body>
    <div>
      <div
        class="_container_055980"
      >
        <div
          class="_wrapper_055980"
        >
          <table
            class="_table_78892f _table_055980"
            data-testid="user-table"
          >
            <thead
              class="_header_5dd620"
            >
              <tr
                class="_row_5dd620"
              >
                <th
                  aria-sort="none"
                  class="_cell_de2dbc"
                  data-testid="table-header-cell"
                  style="width: 50px;"
                >
                  ID
                  <div
                    class="_resizer_de2dbc"
                    data-testid="table-header-cell-resizer"
                  />
                </th>
                <th
                  aria-sort="none"
                  class="_cell_de2dbc"
                  data-testid="table-header-cell"
                  style="width: 510px;"
                >
                  Profile
                  <div
                    class="_resizer_de2dbc"
                    data-testid="table-header-cell-resizer"
                  />
                </th>
                <th
                  aria-sort="none"
                  class="_cell_de2dbc"
                  data-testid="table-header-cell"
                  style="width: 510px;"
                >
                  Email
                  <div
                    class="_resizer_de2dbc"
                    data-testid="table-header-cell-resizer"
                  />
                </th>
                <th
                  aria-sort="none"
                  class="_cell_de2dbc"
                  data-testid="table-header-cell"
                  style="width: 70px;"
                >
                  <div
                    class="_resizer_de2dbc"
                    data-testid="table-header-cell-resizer"
                  />
                </th>
              </tr>
            </thead>
            <tbody
              class="_body_f9eda9"
              data-testid="table-body"
            >
              <tr
                aria-rowindex="0"
                class="_row_f9eda9"
                data-testid="table-body-row"
              >
                <td
                  class="_cell_f9eda9"
                  data-testid="table-body-cell-id"
                >
                  1
                </td>
                <td
                  class="_cell_f9eda9"
                  data-testid="table-body-cell-profile"
                >
                  <div
                    class="_profile_09a2f2"
                    data-testid="user-card"
                  >
                    <div
                      class="_container_15af9b _xs_15af9b _auto_15af9b _border_15af9b"
                      data-testid="avatar"
                    >
                      <img
                        alt="testname"
                        class="_image_15af9b"
                        src="https://robohash.org/L9Z.png?set=set4"
                      />
                    </div>
                    <div
                      class="_information_09a2f2"
                    >
                      <span
                        class="_name_09a2f2"
                      >
                        Test Name
                      </span>
                      <span
                        class="_username_09a2f2"
                      >
                        @
                        testname
                      </span>
                    </div>
                  </div>
                </td>
                <td
                  class="_cell_f9eda9"
                  data-testid="table-body-cell-email"
                >
                  test@test.test
                </td>
                <td
                  class="_cell_f9eda9"
                  data-testid="table-body-cell-actions"
                >
                  <button
                    aria-label="Delete a user"
                    class="_button_0302f3 _light_0302f3 _primary_0302f3 _sm_0302f3 _icon_0302f3"
                    data-testid="delete-user"
                    title="Delete"
                    type="button"
                  >
                    <svg
                      class="icon icon-trash"
                      data-testid="icon"
                      height="16"
                      width="16"
                    >
                      <use
                        xlink:href="/images/icons.svg#trash"
                      />
                    </svg>
                  </button>
                </td>
              </tr>
              <tr
                aria-rowindex="1"
                class="_row_f9eda9"
                data-testid="table-body-row"
              >
                <td
                  class="_cell_f9eda9"
                  data-testid="table-body-cell-id"
                >
                  2
                </td>
                <td
                  class="_cell_f9eda9"
                  data-testid="table-body-cell-profile"
                >
                  <div
                    class="_profile_09a2f2"
                    data-testid="user-card"
                  >
                    <div
                      class="_container_15af9b _xs_15af9b _auto_15af9b _border_15af9b"
                      data-testid="avatar"
                    >
                      <img
                        alt="Edgar.Bins"
                        class="_image_15af9b"
                        src="https://avatars.githubusercontent.com/u/3286339"
                      />
                    </div>
                    <div
                      class="_information_09a2f2"
                    >
                      <span
                        class="_name_09a2f2"
                      >
                        Edgar Kutch
                      </span>
                      <span
                        class="_username_09a2f2"
                      >
                        @
                        Edgar.Bins
                      </span>
                    </div>
                  </div>
                </td>
                <td
                  class="_cell_f9eda9"
                  data-testid="table-body-cell-email"
                >
                  Edgar_Kutch35@yahoo.com
                </td>
                <td
                  class="_cell_f9eda9"
                  data-testid="table-body-cell-actions"
                >
                  <button
                    aria-label="Delete a user"
                    class="_button_0302f3 _light_0302f3 _primary_0302f3 _sm_0302f3 _icon_0302f3"
                    data-testid="delete-user"
                    title="Delete"
                    type="button"
                  >
                    <svg
                      class="icon icon-trash"
                      data-testid="icon"
                      height="16"
                      width="16"
                    >
                      <use
                        xlink:href="/images/icons.svg#trash"
                      />
                    </svg>
                  </button>
                </td>
              </tr>
              <tr
                aria-rowindex="2"
                class="_row_f9eda9"
                data-testid="table-body-row"
              >
                <td
                  class="_cell_f9eda9"
                  data-testid="table-body-cell-id"
                >
                  3
                </td>
                <td
                  class="_cell_f9eda9"
                  data-testid="table-body-cell-profile"
                >
                  <div
                    class="_profile_09a2f2"
                    data-testid="user-card"
                  >
                    <div
                      class="_container_15af9b _xs_15af9b _auto_15af9b _border_15af9b"
                      data-testid="avatar"
                    >
                      <img
                        alt="Loraine18"
                        class="_image_15af9b"
                        src="https://avatars.githubusercontent.com/u/84807171"
                      />
                    </div>
                    <div
                      class="_information_09a2f2"
                    >
                      <span
                        class="_name_09a2f2"
                      >
                        Loraine Dickens
                      </span>
                      <span
                        class="_username_09a2f2"
                      >
                        @
                        Loraine18
                      </span>
                    </div>
                  </div>
                </td>
                <td
                  class="_cell_f9eda9"
                  data-testid="table-body-cell-email"
                >
                  Loraine.Dickens@yahoo.com
                </td>
                <td
                  class="_cell_f9eda9"
                  data-testid="table-body-cell-actions"
                >
                  <button
                    aria-label="Delete a user"
                    class="_button_0302f3 _light_0302f3 _primary_0302f3 _sm_0302f3 _icon_0302f3"
                    data-testid="delete-user"
                    title="Delete"
                    type="button"
                  >
                    <svg
                      class="icon icon-trash"
                      data-testid="icon"
                      height="16"
                      width="16"
                    >
                      <use
                        xlink:href="/images/icons.svg#trash"
                      />
                    </svg>
                  </button>
                </td>
              </tr>
              <tr
                aria-rowindex="3"
                class="_row_f9eda9"
                data-testid="table-body-row"
              >
                <td
                  class="_cell_f9eda9"
                  data-testid="table-body-cell-id"
                >
                  4
                </td>
                <td
                  class="_cell_f9eda9"
                  data-testid="table-body-cell-profile"
                >
                  <div
                    class="_profile_09a2f2"
                    data-testid="user-card"
                  >
                    <div
                      class="_container_15af9b _xs_15af9b _auto_15af9b _border_15af9b"
                      data-testid="avatar"
                    >
                      <img
                        alt="Harrison.Kunde34"
                        class="_image_15af9b"
                        src="https://avatars.githubusercontent.com/u/77375212"
                      />
                    </div>
                    <div
                      class="_information_09a2f2"
                    >
                      <span
                        class="_name_09a2f2"
                      >
                        Harrison Corkery-Nitzsche
                      </span>
                      <span
                        class="_username_09a2f2"
                      >
                        @
                        Harrison.Kunde34
                      </span>
                    </div>
                  </div>
                </td>
                <td
                  class="_cell_f9eda9"
                  data-testid="table-body-cell-email"
                >
                  Harrison_Corkery-Nitzsche@hotmail.com
                </td>
                <td
                  class="_cell_f9eda9"
                  data-testid="table-body-cell-actions"
                >
                  <button
                    aria-label="Delete a user"
                    class="_button_0302f3 _light_0302f3 _primary_0302f3 _sm_0302f3 _icon_0302f3"
                    data-testid="delete-user"
                    title="Delete"
                    type="button"
                  >
                    <svg
                      class="icon icon-trash"
                      data-testid="icon"
                      height="16"
                      width="16"
                    >
                      <use
                        xlink:href="/images/icons.svg#trash"
                      />
                    </svg>
                  </button>
                </td>
              </tr>
              <tr
                aria-rowindex="4"
                class="_row_f9eda9"
                data-testid="table-body-row"
              >
                <td
                  class="_cell_f9eda9"
                  data-testid="table-body-cell-id"
                >
                  5
                </td>
                <td
                  class="_cell_f9eda9"
                  data-testid="table-body-cell-profile"
                >
                  <div
                    class="_profile_09a2f2"
                    data-testid="user-card"
                  >
                    <div
                      class="_container_15af9b _xs_15af9b _auto_15af9b _border_15af9b"
                      data-testid="avatar"
                    >
                      <img
                        alt="Myah36"
                        class="_image_15af9b"
                        src="https://avatars.githubusercontent.com/u/29615967"
                      />
                    </div>
                    <div
                      class="_information_09a2f2"
                    >
                      <span
                        class="_name_09a2f2"
                      >
                        Myah Kozey
                      </span>
                      <span
                        class="_username_09a2f2"
                      >
                        @
                        Myah36
                      </span>
                    </div>
                  </div>
                </td>
                <td
                  class="_cell_f9eda9"
                  data-testid="table-body-cell-email"
                >
                  Myah_Kozey@gmail.com
                </td>
                <td
                  class="_cell_f9eda9"
                  data-testid="table-body-cell-actions"
                >
                  <button
                    aria-label="Delete a user"
                    class="_button_0302f3 _light_0302f3 _primary_0302f3 _sm_0302f3 _icon_0302f3"
                    data-testid="delete-user"
                    title="Delete"
                    type="button"
                  >
                    <svg
                      class="icon icon-trash"
                      data-testid="icon"
                      height="16"
                      width="16"
                    >
                      <use
                        xlink:href="/images/icons.svg#trash"
                      />
                    </svg>
                  </button>
                </td>
              </tr>
              <tr
                aria-rowindex="5"
                class="_row_f9eda9"
                data-testid="table-body-row"
              >
                <td
                  class="_cell_f9eda9"
                  data-testid="table-body-cell-id"
                >
                  6
                </td>
                <td
                  class="_cell_f9eda9"
                  data-testid="table-body-cell-profile"
                >
                  <div
                    class="_profile_09a2f2"
                    data-testid="user-card"
                  >
                    <div
                      class="_container_15af9b _xs_15af9b _auto_15af9b _border_15af9b"
                      data-testid="avatar"
                    >
                      <img
                        alt="Jordyn.Beier"
                        class="_image_15af9b"
                        src="https://avatars.githubusercontent.com/u/51605410"
                      />
                    </div>
                    <div
                      class="_information_09a2f2"
                    >
                      <span
                        class="_name_09a2f2"
                      >
                        Jordyn Ortiz
                      </span>
                      <span
                        class="_username_09a2f2"
                      >
                        @
                        Jordyn.Beier
                      </span>
                    </div>
                  </div>
                </td>
                <td
                  class="_cell_f9eda9"
                  data-testid="table-body-cell-email"
                >
                  Jordyn_Ortiz@yahoo.com
                </td>
                <td
                  class="_cell_f9eda9"
                  data-testid="table-body-cell-actions"
                >
                  <button
                    aria-label="Delete a user"
                    class="_button_0302f3 _light_0302f3 _primary_0302f3 _sm_0302f3 _icon_0302f3"
                    data-testid="delete-user"
                    title="Delete"
                    type="button"
                  >
                    <svg
                      class="icon icon-trash"
                      data-testid="icon"
                      height="16"
                      width="16"
                    >
                      <use
                        xlink:href="/images/icons.svg#trash"
                      />
                    </svg>
                  </button>
                </td>
              </tr>
              <tr
                aria-rowindex="6"
                class="_row_f9eda9"
                data-testid="table-body-row"
              >
                <td
                  class="_cell_f9eda9"
                  data-testid="table-body-cell-id"
                >
                  7
                </td>
                <td
                  class="_cell_f9eda9"
                  data-testid="table-body-cell-profile"
                >
                  <div
                    class="_profile_09a2f2"
                    data-testid="user-card"
                  >
                    <div
                      class="_container_15af9b _xs_15af9b _auto_15af9b _border_15af9b"
                      data-testid="avatar"
                    >
                      <img
                        alt="Trystan89"
                        class="_image_15af9b"
                        src="https://avatars.githubusercontent.com/u/83794173"
                      />
                    </div>
                    <div
                      class="_information_09a2f2"
                    >
                      <span
                        class="_name_09a2f2"
                      >
                        Trystan Bergnaum
                      </span>
                      <span
                        class="_username_09a2f2"
                      >
                        @
                        Trystan89
                      </span>
                    </div>
                  </div>
                </td>
                <td
                  class="_cell_f9eda9"
                  data-testid="table-body-cell-email"
                >
                  Trystan_Bergnaum41@gmail.com
                </td>
                <td
                  class="_cell_f9eda9"
                  data-testid="table-body-cell-actions"
                >
                  <button
                    aria-label="Delete a user"
                    class="_button_0302f3 _light_0302f3 _primary_0302f3 _sm_0302f3 _icon_0302f3"
                    data-testid="delete-user"
                    title="Delete"
                    type="button"
                  >
                    <svg
                      class="icon icon-trash"
                      data-testid="icon"
                      height="16"
                      width="16"
                    >
                      <use
                        xlink:href="/images/icons.svg#trash"
                      />
                    </svg>
                  </button>
                </td>
              </tr>
              <tr
                aria-rowindex="7"
                class="_row_f9eda9"
                data-testid="table-body-row"
              >
                <td
                  class="_cell_f9eda9"
                  data-testid="table-body-cell-id"
                >
                  8
                </td>
                <td
                  class="_cell_f9eda9"
                  data-testid="table-body-cell-profile"
                >
                  <div
                    class="_profile_09a2f2"
                    data-testid="user-card"
                  >
                    <div
                      class="_container_15af9b _xs_15af9b _auto_15af9b _border_15af9b"
                      data-testid="avatar"
                    >
                      <img
                        alt="Ashlee.Hauck"
                        class="_image_15af9b"
                        src="https://avatars.githubusercontent.com/u/35362505"
                      />
                    </div>
                    <div
                      class="_information_09a2f2"
                    >
                      <span
                        class="_name_09a2f2"
                      >
                        Ashlee Reinger
                      </span>
                      <span
                        class="_username_09a2f2"
                      >
                        @
                        Ashlee.Hauck
                      </span>
                    </div>
                  </div>
                </td>
                <td
                  class="_cell_f9eda9"
                  data-testid="table-body-cell-email"
                >
                  Ashlee.Reinger72@hotmail.com
                </td>
                <td
                  class="_cell_f9eda9"
                  data-testid="table-body-cell-actions"
                >
                  <button
                    aria-label="Delete a user"
                    class="_button_0302f3 _light_0302f3 _primary_0302f3 _sm_0302f3 _icon_0302f3"
                    data-testid="delete-user"
                    title="Delete"
                    type="button"
                  >
                    <svg
                      class="icon icon-trash"
                      data-testid="icon"
                      height="16"
                      width="16"
                    >
                      <use
                        xlink:href="/images/icons.svg#trash"
                      />
                    </svg>
                  </button>
                </td>
              </tr>
              <tr
                aria-rowindex="8"
                class="_row_f9eda9"
                data-testid="table-body-row"
              >
                <td
                  class="_cell_f9eda9"
                  data-testid="table-body-cell-id"
                >
                  9
                </td>
                <td
                  class="_cell_f9eda9"
                  data-testid="table-body-cell-profile"
                >
                  <div
                    class="_profile_09a2f2"
                    data-testid="user-card"
                  >
                    <div
                      class="_container_15af9b _xs_15af9b _auto_15af9b _border_15af9b"
                      data-testid="avatar"
                    >
                      <img
                        alt="Josephine3"
                        class="_image_15af9b"
                        src="https://avatars.githubusercontent.com/u/38393153"
                      />
                    </div>
                    <div
                      class="_information_09a2f2"
                    >
                      <span
                        class="_name_09a2f2"
                      >
                        Josephine Schmeler
                      </span>
                      <span
                        class="_username_09a2f2"
                      >
                        @
                        Josephine3
                      </span>
                    </div>
                  </div>
                </td>
                <td
                  class="_cell_f9eda9"
                  data-testid="table-body-cell-email"
                >
                  Josephine.Schmeler@hotmail.com
                </td>
                <td
                  class="_cell_f9eda9"
                  data-testid="table-body-cell-actions"
                >
                  <button
                    aria-label="Delete a user"
                    class="_button_0302f3 _light_0302f3 _primary_0302f3 _sm_0302f3 _icon_0302f3"
                    data-testid="delete-user"
                    title="Delete"
                    type="button"
                  >
                    <svg
                      class="icon icon-trash"
                      data-testid="icon"
                      height="16"
                      width="16"
                    >
                      <use
                        xlink:href="/images/icons.svg#trash"
                      />
                    </svg>
                  </button>
                </td>
              </tr>
              <tr
                aria-rowindex="9"
                class="_row_f9eda9"
                data-testid="table-body-row"
              >
                <td
                  class="_cell_f9eda9"
                  data-testid="table-body-cell-id"
                >
                  10
                </td>
                <td
                  class="_cell_f9eda9"
                  data-testid="table-body-cell-profile"
                >
                  <div
                    class="_profile_09a2f2"
                    data-testid="user-card"
                  >
                    <div
                      class="_container_15af9b _xs_15af9b _auto_15af9b _border_15af9b"
                      data-testid="avatar"
                    >
                      <img
                        alt="Myrtis5"
                        class="_image_15af9b"
                        src="https://avatars.githubusercontent.com/u/68654542"
                      />
                    </div>
                    <div
                      class="_information_09a2f2"
                    >
                      <span
                        class="_name_09a2f2"
                      >
                        Myrtis Miller-Hoeger
                      </span>
                      <span
                        class="_username_09a2f2"
                      >
                        @
                        Myrtis5
                      </span>
                    </div>
                  </div>
                </td>
                <td
                  class="_cell_f9eda9"
                  data-testid="table-body-cell-email"
                >
                  Myrtis_Miller-Hoeger65@hotmail.com
                </td>
                <td
                  class="_cell_f9eda9"
                  data-testid="table-body-cell-actions"
                >
                  <button
                    aria-label="Delete a user"
                    class="_button_0302f3 _light_0302f3 _primary_0302f3 _sm_0302f3 _icon_0302f3"
                    data-testid="delete-user"
                    title="Delete"
                    type="button"
                  >
                    <svg
                      class="icon icon-trash"
                      data-testid="icon"
                      height="16"
                      width="16"
                    >
                      <use
                        xlink:href="/images/icons.svg#trash"
                      />
                    </svg>
                  </button>
                </td>
              </tr>
            </tbody>
          </table>
        </div>
        <button
          class="_button_0302f3 _flat_0302f3 _primary_0302f3 _sm_0302f3"
          data-testid="load-more-users"
          type="button"
        >
          Load More Users
        </button>
      </div>
    </div>
  </body>,
  "container": <div>
    <div
      class="_container_055980"
    >
      <div
        class="_wrapper_055980"
      >
        <table
          class="_table_78892f _table_055980"
          data-testid="user-table"
        >
          <thead
            class="_header_5dd620"
          >
            <tr
              class="_row_5dd620"
            >
              <th
                aria-sort="none"
                class="_cell_de2dbc"
                data-testid="table-header-cell"
                style="width: 50px;"
              >
                ID
                <div
                  class="_resizer_de2dbc"
                  data-testid="table-header-cell-resizer"
                />
              </th>
              <th
                aria-sort="none"
                class="_cell_de2dbc"
                data-testid="table-header-cell"
                style="width: 510px;"
              >
                Profile
                <div
                  class="_resizer_de2dbc"
                  data-testid="table-header-cell-resizer"
                />
              </th>
              <th
                aria-sort="none"
                class="_cell_de2dbc"
                data-testid="table-header-cell"
                style="width: 510px;"
              >
                Email
                <div
                  class="_resizer_de2dbc"
                  data-testid="table-header-cell-resizer"
                />
              </th>
              <th
                aria-sort="none"
                class="_cell_de2dbc"
                data-testid="table-header-cell"
                style="width: 70px;"
              >
                <div
                  class="_resizer_de2dbc"
                  data-testid="table-header-cell-resizer"
                />
              </th>
            </tr>
          </thead>
          <tbody
            class="_body_f9eda9"
            data-testid="table-body"
          >
            <tr
              aria-rowindex="0"
              class="_row_f9eda9"
              data-testid="table-body-row"
            >
              <td
                class="_cell_f9eda9"
                data-testid="table-body-cell-id"
              >
                1
              </td>
              <td
                class="_cell_f9eda9"
                data-testid="table-body-cell-profile"
              >
                <div
                  class="_profile_09a2f2"
                  data-testid="user-card"
                >
                  <div
                    class="_container_15af9b _xs_15af9b _auto_15af9b _border_15af9b"
                    data-testid="avatar"
                  >
                    <img
                      alt="testname"
                      class="_image_15af9b"
                      src="https://robohash.org/L9Z.png?set=set4"
                    />
                  </div>
                  <div
                    class="_information_09a2f2"
                  >
                    <span
                      class="_name_09a2f2"
                    >
                      Test Name
                    </span>
                    <span
                      class="_username_09a2f2"
                    >
                      @
                      testname
                    </span>
                  </div>
                </div>
              </td>
              <td
                class="_cell_f9eda9"
                data-testid="table-body-cell-email"
              >
                test@test.test
              </td>
              <td
                class="_cell_f9eda9"
                data-testid="table-body-cell-actions"
              >
                <button
                  aria-label="Delete a user"
                  class="_button_0302f3 _light_0302f3 _primary_0302f3 _sm_0302f3 _icon_0302f3"
                  data-testid="delete-user"
                  title="Delete"
                  type="button"
                >
                  <svg
                    class="icon icon-trash"
                    data-testid="icon"
                    height="16"
                    width="16"
                  >
                    <use
                      xlink:href="/images/icons.svg#trash"
                    />
                  </svg>
                </button>
              </td>
            </tr>
            <tr
              aria-rowindex="1"
              class="_row_f9eda9"
              data-testid="table-body-row"
            >
              <td
                class="_cell_f9eda9"
                data-testid="table-body-cell-id"
              >
                2
              </td>
              <td
                class="_cell_f9eda9"
                data-testid="table-body-cell-profile"
              >
                <div
                  class="_profile_09a2f2"
                  data-testid="user-card"
                >
                  <div
                    class="_container_15af9b _xs_15af9b _auto_15af9b _border_15af9b"
                    data-testid="avatar"
                  >
                    <img
                      alt="Edgar.Bins"
                      class="_image_15af9b"
                      src="https://avatars.githubusercontent.com/u/3286339"
                    />
                  </div>
                  <div
                    class="_information_09a2f2"
                  >
                    <span
                      class="_name_09a2f2"
                    >
                      Edgar Kutch
                    </span>
                    <span
                      class="_username_09a2f2"
                    >
                      @
                      Edgar.Bins
                    </span>
                  </div>
                </div>
              </td>
              <td
                class="_cell_f9eda9"
                data-testid="table-body-cell-email"
              >
                Edgar_Kutch35@yahoo.com
              </td>
              <td
                class="_cell_f9eda9"
                data-testid="table-body-cell-actions"
              >
                <button
                  aria-label="Delete a user"
                  class="_button_0302f3 _light_0302f3 _primary_0302f3 _sm_0302f3 _icon_0302f3"
                  data-testid="delete-user"
                  title="Delete"
                  type="button"
                >
                  <svg
                    class="icon icon-trash"
                    data-testid="icon"
                    height="16"
                    width="16"
                  >
                    <use
                      xlink:href="/images/icons.svg#trash"
                    />
                  </svg>
                </button>
              </td>
            </tr>
            <tr
              aria-rowindex="2"
              class="_row_f9eda9"
              data-testid="table-body-row"
            >
              <td
                class="_cell_f9eda9"
                data-testid="table-body-cell-id"
              >
                3
              </td>
              <td
                class="_cell_f9eda9"
                data-testid="table-body-cell-profile"
              >
                <div
                  class="_profile_09a2f2"
                  data-testid="user-card"
                >
                  <div
                    class="_container_15af9b _xs_15af9b _auto_15af9b _border_15af9b"
                    data-testid="avatar"
                  >
                    <img
                      alt="Loraine18"
                      class="_image_15af9b"
                      src="https://avatars.githubusercontent.com/u/84807171"
                    />
                  </div>
                  <div
                    class="_information_09a2f2"
                  >
                    <span
                      class="_name_09a2f2"
                    >
                      Loraine Dickens
                    </span>
                    <span
                      class="_username_09a2f2"
                    >
                      @
                      Loraine18
                    </span>
                  </div>
                </div>
              </td>
              <td
                class="_cell_f9eda9"
                data-testid="table-body-cell-email"
              >
                Loraine.Dickens@yahoo.com
              </td>
              <td
                class="_cell_f9eda9"
                data-testid="table-body-cell-actions"
              >
                <button
                  aria-label="Delete a user"
                  class="_button_0302f3 _light_0302f3 _primary_0302f3 _sm_0302f3 _icon_0302f3"
                  data-testid="delete-user"
                  title="Delete"
                  type="button"
                >
                  <svg
                    class="icon icon-trash"
                    data-testid="icon"
                    height="16"
                    width="16"
                  >
                    <use
                      xlink:href="/images/icons.svg#trash"
                    />
                  </svg>
                </button>
              </td>
            </tr>
            <tr
              aria-rowindex="3"
              class="_row_f9eda9"
              data-testid="table-body-row"
            >
              <td
                class="_cell_f9eda9"
                data-testid="table-body-cell-id"
              >
                4
              </td>
              <td
                class="_cell_f9eda9"
                data-testid="table-body-cell-profile"
              >
                <div
                  class="_profile_09a2f2"
                  data-testid="user-card"
                >
                  <div
                    class="_container_15af9b _xs_15af9b _auto_15af9b _border_15af9b"
                    data-testid="avatar"
                  >
                    <img
                      alt="Harrison.Kunde34"
                      class="_image_15af9b"
                      src="https://avatars.githubusercontent.com/u/77375212"
                    />
                  </div>
                  <div
                    class="_information_09a2f2"
                  >
                    <span
                      class="_name_09a2f2"
                    >
                      Harrison Corkery-Nitzsche
                    </span>
                    <span
                      class="_username_09a2f2"
                    >
                      @
                      Harrison.Kunde34
                    </span>
                  </div>
                </div>
              </td>
              <td
                class="_cell_f9eda9"
                data-testid="table-body-cell-email"
              >
                Harrison_Corkery-Nitzsche@hotmail.com
              </td>
              <td
                class="_cell_f9eda9"
                data-testid="table-body-cell-actions"
              >
                <button
                  aria-label="Delete a user"
                  class="_button_0302f3 _light_0302f3 _primary_0302f3 _sm_0302f3 _icon_0302f3"
                  data-testid="delete-user"
                  title="Delete"
                  type="button"
                >
                  <svg
                    class="icon icon-trash"
                    data-testid="icon"
                    height="16"
                    width="16"
                  >
                    <use
                      xlink:href="/images/icons.svg#trash"
                    />
                  </svg>
                </button>
              </td>
            </tr>
            <tr
              aria-rowindex="4"
              class="_row_f9eda9"
              data-testid="table-body-row"
            >
              <td
                class="_cell_f9eda9"
                data-testid="table-body-cell-id"
              >
                5
              </td>
              <td
                class="_cell_f9eda9"
                data-testid="table-body-cell-profile"
              >
                <div
                  class="_profile_09a2f2"
                  data-testid="user-card"
                >
                  <div
                    class="_container_15af9b _xs_15af9b _auto_15af9b _border_15af9b"
                    data-testid="avatar"
                  >
                    <img
                      alt="Myah36"
                      class="_image_15af9b"
                      src="https://avatars.githubusercontent.com/u/29615967"
                    />
                  </div>
                  <div
                    class="_information_09a2f2"
                  >
                    <span
                      class="_name_09a2f2"
                    >
                      Myah Kozey
                    </span>
                    <span
                      class="_username_09a2f2"
                    >
                      @
                      Myah36
                    </span>
                  </div>
                </div>
              </td>
              <td
                class="_cell_f9eda9"
                data-testid="table-body-cell-email"
              >
                Myah_Kozey@gmail.com
              </td>
              <td
                class="_cell_f9eda9"
                data-testid="table-body-cell-actions"
              >
                <button
                  aria-label="Delete a user"
                  class="_button_0302f3 _light_0302f3 _primary_0302f3 _sm_0302f3 _icon_0302f3"
                  data-testid="delete-user"
                  title="Delete"
                  type="button"
                >
                  <svg
                    class="icon icon-trash"
                    data-testid="icon"
                    height="16"
                    width="16"
                  >
                    <use
                      xlink:href="/images/icons.svg#trash"
                    />
                  </svg>
                </button>
              </td>
            </tr>
            <tr
              aria-rowindex="5"
              class="_row_f9eda9"
              data-testid="table-body-row"
            >
              <td
                class="_cell_f9eda9"
                data-testid="table-body-cell-id"
              >
                6
              </td>
              <td
                class="_cell_f9eda9"
                data-testid="table-body-cell-profile"
              >
                <div
                  class="_profile_09a2f2"
                  data-testid="user-card"
                >
                  <div
                    class="_container_15af9b _xs_15af9b _auto_15af9b _border_15af9b"
                    data-testid="avatar"
                  >
                    <img
                      alt="Jordyn.Beier"
                      class="_image_15af9b"
                      src="https://avatars.githubusercontent.com/u/51605410"
                    />
                  </div>
                  <div
                    class="_information_09a2f2"
                  >
                    <span
                      class="_name_09a2f2"
                    >
                      Jordyn Ortiz
                    </span>
                    <span
                      class="_username_09a2f2"
                    >
                      @
                      Jordyn.Beier
                    </span>
                  </div>
                </div>
              </td>
              <td
                class="_cell_f9eda9"
                data-testid="table-body-cell-email"
              >
                Jordyn_Ortiz@yahoo.com
              </td>
              <td
                class="_cell_f9eda9"
                data-testid="table-body-cell-actions"
              >
                <button
                  aria-label="Delete a user"
                  class="_button_0302f3 _light_0302f3 _primary_0302f3 _sm_0302f3 _icon_0302f3"
                  data-testid="delete-user"
                  title="Delete"
                  type="button"
                >
                  <svg
                    class="icon icon-trash"
                    data-testid="icon"
                    height="16"
                    width="16"
                  >
                    <use
                      xlink:href="/images/icons.svg#trash"
                    />
                  </svg>
                </button>
              </td>
            </tr>
            <tr
              aria-rowindex="6"
              class="_row_f9eda9"
              data-testid="table-body-row"
            >
              <td
                class="_cell_f9eda9"
                data-testid="table-body-cell-id"
              >
                7
              </td>
              <td
                class="_cell_f9eda9"
                data-testid="table-body-cell-profile"
              >
                <div
                  class="_profile_09a2f2"
                  data-testid="user-card"
                >
                  <div
                    class="_container_15af9b _xs_15af9b _auto_15af9b _border_15af9b"
                    data-testid="avatar"
                  >
                    <img
                      alt="Trystan89"
                      class="_image_15af9b"
                      src="https://avatars.githubusercontent.com/u/83794173"
                    />
                  </div>
                  <div
                    class="_information_09a2f2"
                  >
                    <span
                      class="_name_09a2f2"
                    >
                      Trystan Bergnaum
                    </span>
                    <span
                      class="_username_09a2f2"
                    >
                      @
                      Trystan89
                    </span>
                  </div>
                </div>
              </td>
              <td
                class="_cell_f9eda9"
                data-testid="table-body-cell-email"
              >
                Trystan_Bergnaum41@gmail.com
              </td>
              <td
                class="_cell_f9eda9"
                data-testid="table-body-cell-actions"
              >
                <button
                  aria-label="Delete a user"
                  class="_button_0302f3 _light_0302f3 _primary_0302f3 _sm_0302f3 _icon_0302f3"
                  data-testid="delete-user"
                  title="Delete"
                  type="button"
                >
                  <svg
                    class="icon icon-trash"
                    data-testid="icon"
                    height="16"
                    width="16"
                  >
                    <use
                      xlink:href="/images/icons.svg#trash"
                    />
                  </svg>
                </button>
              </td>
            </tr>
            <tr
              aria-rowindex="7"
              class="_row_f9eda9"
              data-testid="table-body-row"
            >
              <td
                class="_cell_f9eda9"
                data-testid="table-body-cell-id"
              >
                8
              </td>
              <td
                class="_cell_f9eda9"
                data-testid="table-body-cell-profile"
              >
                <div
                  class="_profile_09a2f2"
                  data-testid="user-card"
                >
                  <div
                    class="_container_15af9b _xs_15af9b _auto_15af9b _border_15af9b"
                    data-testid="avatar"
                  >
                    <img
                      alt="Ashlee.Hauck"
                      class="_image_15af9b"
                      src="https://avatars.githubusercontent.com/u/35362505"
                    />
                  </div>
                  <div
                    class="_information_09a2f2"
                  >
                    <span
                      class="_name_09a2f2"
                    >
                      Ashlee Reinger
                    </span>
                    <span
                      class="_username_09a2f2"
                    >
                      @
                      Ashlee.Hauck
                    </span>
                  </div>
                </div>
              </td>
              <td
                class="_cell_f9eda9"
                data-testid="table-body-cell-email"
              >
                Ashlee.Reinger72@hotmail.com
              </td>
              <td
                class="_cell_f9eda9"
                data-testid="table-body-cell-actions"
              >
                <button
                  aria-label="Delete a user"
                  class="_button_0302f3 _light_0302f3 _primary_0302f3 _sm_0302f3 _icon_0302f3"
                  data-testid="delete-user"
                  title="Delete"
                  type="button"
                >
                  <svg
                    class="icon icon-trash"
                    data-testid="icon"
                    height="16"
                    width="16"
                  >
                    <use
                      xlink:href="/images/icons.svg#trash"
                    />
                  </svg>
                </button>
              </td>
            </tr>
            <tr
              aria-rowindex="8"
              class="_row_f9eda9"
              data-testid="table-body-row"
            >
              <td
                class="_cell_f9eda9"
                data-testid="table-body-cell-id"
              >
                9
              </td>
              <td
                class="_cell_f9eda9"
                data-testid="table-body-cell-profile"
              >
                <div
                  class="_profile_09a2f2"
                  data-testid="user-card"
                >
                  <div
                    class="_container_15af9b _xs_15af9b _auto_15af9b _border_15af9b"
                    data-testid="avatar"
                  >
                    <img
                      alt="Josephine3"
                      class="_image_15af9b"
                      src="https://avatars.githubusercontent.com/u/38393153"
                    />
                  </div>
                  <div
                    class="_information_09a2f2"
                  >
                    <span
                      class="_name_09a2f2"
                    >
                      Josephine Schmeler
                    </span>
                    <span
                      class="_username_09a2f2"
                    >
                      @
                      Josephine3
                    </span>
                  </div>
                </div>
              </td>
              <td
                class="_cell_f9eda9"
                data-testid="table-body-cell-email"
              >
                Josephine.Schmeler@hotmail.com
              </td>
              <td
                class="_cell_f9eda9"
                data-testid="table-body-cell-actions"
              >
                <button
                  aria-label="Delete a user"
                  class="_button_0302f3 _light_0302f3 _primary_0302f3 _sm_0302f3 _icon_0302f3"
                  data-testid="delete-user"
                  title="Delete"
                  type="button"
                >
                  <svg
                    class="icon icon-trash"
                    data-testid="icon"
                    height="16"
                    width="16"
                  >
                    <use
                      xlink:href="/images/icons.svg#trash"
                    />
                  </svg>
                </button>
              </td>
            </tr>
            <tr
              aria-rowindex="9"
              class="_row_f9eda9"
              data-testid="table-body-row"
            >
              <td
                class="_cell_f9eda9"
                data-testid="table-body-cell-id"
              >
                10
              </td>
              <td
                class="_cell_f9eda9"
                data-testid="table-body-cell-profile"
              >
                <div
                  class="_profile_09a2f2"
                  data-testid="user-card"
                >
                  <div
                    class="_container_15af9b _xs_15af9b _auto_15af9b _border_15af9b"
                    data-testid="avatar"
                  >
                    <img
                      alt="Myrtis5"
                      class="_image_15af9b"
                      src="https://avatars.githubusercontent.com/u/68654542"
                    />
                  </div>
                  <div
                    class="_information_09a2f2"
                  >
                    <span
                      class="_name_09a2f2"
                    >
                      Myrtis Miller-Hoeger
                    </span>
                    <span
                      class="_username_09a2f2"
                    >
                      @
                      Myrtis5
                    </span>
                  </div>
                </div>
              </td>
              <td
                class="_cell_f9eda9"
                data-testid="table-body-cell-email"
              >
                Myrtis_Miller-Hoeger65@hotmail.com
              </td>
              <td
                class="_cell_f9eda9"
                data-testid="table-body-cell-actions"
              >
                <button
                  aria-label="Delete a user"
                  class="_button_0302f3 _light_0302f3 _primary_0302f3 _sm_0302f3 _icon_0302f3"
                  data-testid="delete-user"
                  title="Delete"
                  type="button"
                >
                  <svg
                    class="icon icon-trash"
                    data-testid="icon"
                    height="16"
                    width="16"
                  >
                    <use
                      xlink:href="/images/icons.svg#trash"
                    />
                  </svg>
                </button>
              </td>
            </tr>
          </tbody>
        </table>
      </div>
      <button
        class="_button_0302f3 _flat_0302f3 _primary_0302f3 _sm_0302f3"
        data-testid="load-more-users"
        type="button"
      >
        Load More Users
      </button>
    </div>
  </div>,
  "debug": [Function],
  "findAllByAltText": [Function],
  "findAllByDisplayValue": [Function],
  "findAllByLabelText": [Function],
  "findAllByPlaceholderText": [Function],
  "findAllByRole": [Function],
  "findAllByTestId": [Function],
  "findAllByText": [Function],
  "findAllByTitle": [Function],
  "findByAltText": [Function],
  "findByDisplayValue": [Function],
  "findByLabelText": [Function],
  "findByPlaceholderText": [Function],
  "findByRole": [Function],
  "findByTestId": [Function],
  "findByText": [Function],
  "findByTitle": [Function],
  "getAllByAltText": [Function],
  "getAllByDisplayValue": [Function],
  "getAllByLabelText": [Function],
  "getAllByPlaceholderText": [Function],
  "getAllByRole": [Function],
  "getAllByTestId": [Function],
  "getAllByText": [Function],
  "getAllByTitle": [Function],
  "getByAltText": [Function],
  "getByDisplayValue": [Function],
  "getByLabelText": [Function],
  "getByPlaceholderText": [Function],
  "getByRole": [Function],
  "getByTestId": [Function],
  "getByText": [Function],
  "getByTitle": [Function],
  "queryAllByAltText": [Function],
  "queryAllByDisplayValue": [Function],
  "queryAllByLabelText": [Function],
  "queryAllByPlaceholderText": [Function],
  "queryAllByRole": [Function],
  "queryAllByTestId": [Function],
  "queryAllByText": [Function],
  "queryAllByTitle": [Function],
  "queryByAltText": [Function],
  "queryByDisplayValue": [Function],
  "queryByLabelText": [Function],
  "queryByPlaceholderText": [Function],
  "queryByRole": [Function],
  "queryByTestId": [Function],
  "queryByText": [Function],
  "queryByTitle": [Function],
  "rerender": [Function],
  "unmount": [Function],
}
`;
